DEBUG 2026-07-29 15:03:57.581 UTC: 	 CRAB Client version: v3.260630
DEBUG 2026-07-29 15:03:57.581 UTC: 	 Running on: Linux lxplus804.cern.ch 4.18.0-553.144.1.el8_10.x86_64 #1 SMP Mon Jul 13 11:33:25 EDT 2026 x86_64 x86_64 x86_64 GNU/Linux
DEBUG 2026-07-29 15:03:57.581 UTC: 	 Not using Singularity
DEBUG 2026-07-29 15:03:57.581 UTC: 	 Operating System: Red Hat Enterprise Linux 8.10 (Ootpa)
DEBUG 2026-07-29 15:03:57.581 UTC: 	 Executing command: 'status'
DEBUG 2026-07-29 15:03:57.582 UTC: 	 Found CRAB cache file /afs/cern.ch/user/f/ffiore/.crab3
ERROR 2026-07-29 15:03:57.584 UTC: 	 Error: VBS_semilep_ZZ_EWK_2023LHEGS_v12/crab_VBS_semilep_ZZ_EWK_2023LHEGS_v12 is not a valid CRAB project directory.
ERROR 2026-07-29 15:03:57.584 UTC: 	 Caught ClientException exception
Traceback (most recent call last):
  File "/cvmfs/cms.cern.ch/share/cms/crab-prod/v3.260630.00/bin/crab.py", line 157, in <module>
    client()
  File "/cvmfs/cms.cern.ch/share/cms/crab-prod/v3.260630.00/bin/crab.py", line 135, in __call__
    self.cmd = sub_cmd(self.logger, args[1:])  # the crab command to be executed
  File "/cvmfs/cms.cern.ch/share/cms/crab-prod/v3.260630.00/lib/CRABClient/Commands/status.py", line 50, in __init__
    SubCommand.__init__(self, logger, cmdargs)
  File "/cvmfs/cms.cern.ch/share/cms/crab-prod/v3.260630.00/lib/CRABClient/Commands/SubCommand.py", line 281, in __init__
    SubCommand.validateOptions(self)
  File "/cvmfs/cms.cern.ch/share/cms/crab-prod/v3.260630.00/lib/CRABClient/Commands/SubCommand.py", line 691, in validateOptions
    raise ConfigurationException(msg)
CRABClient.ClientExceptions.ConfigurationException: Error: VBS_semilep_ZZ_EWK_2023LHEGS_v12/crab_VBS_semilep_ZZ_EWK_2023LHEGS_v12 is not a valid CRAB project directory.
INFO 2026-07-29 15:03:57.587 UTC: 	 Log file is /afs/cern.ch/user/f/ffiore/work/produzione/crab_MC_private/CMSSW_13_0_14/src/crab.log
DEBUG 2026-07-29 15:04:00.943 UTC: 	 CRAB Client version: v3.260630
DEBUG 2026-07-29 15:04:00.943 UTC: 	 Running on: Linux lxplus804.cern.ch 4.18.0-553.144.1.el8_10.x86_64 #1 SMP Mon Jul 13 11:33:25 EDT 2026 x86_64 x86_64 x86_64 GNU/Linux
DEBUG 2026-07-29 15:04:00.943 UTC: 	 Not using Singularity
DEBUG 2026-07-29 15:04:00.943 UTC: 	 Operating System: Red Hat Enterprise Linux 8.10 (Ootpa)
DEBUG 2026-07-29 15:04:00.943 UTC: 	 Executing command: 'status'
DEBUG 2026-07-29 15:04:00.943 UTC: 	 Found CRAB cache file /afs/cern.ch/user/f/ffiore/.crab3
ERROR 2026-07-29 15:04:00.944 UTC: 	 Error: VBS_semilep_ZZ_EWK_2023LHEGS_v12/crab_VBS_semilep_ZZ_EWK_2023LHEGS_v12 is not a valid CRAB project directory.
ERROR 2026-07-29 15:04:00.944 UTC: 	 Caught ClientException exception
Traceback (most recent call last):
  File "/cvmfs/cms.cern.ch/share/cms/crab-prod/v3.260630.00/bin/crab.py", line 157, in <module>
    client()
  File "/cvmfs/cms.cern.ch/share/cms/crab-prod/v3.260630.00/bin/crab.py", line 135, in __call__
    self.cmd = sub_cmd(self.logger, args[1:])  # the crab command to be executed
  File "/cvmfs/cms.cern.ch/share/cms/crab-prod/v3.260630.00/lib/CRABClient/Commands/status.py", line 50, in __init__
    SubCommand.__init__(self, logger, cmdargs)
  File "/cvmfs/cms.cern.ch/share/cms/crab-prod/v3.260630.00/lib/CRABClient/Commands/SubCommand.py", line 281, in __init__
    SubCommand.validateOptions(self)
  File "/cvmfs/cms.cern.ch/share/cms/crab-prod/v3.260630.00/lib/CRABClient/Commands/SubCommand.py", line 691, in validateOptions
    raise ConfigurationException(msg)
CRABClient.ClientExceptions.ConfigurationException: Error: VBS_semilep_ZZ_EWK_2023LHEGS_v12/crab_VBS_semilep_ZZ_EWK_2023LHEGS_v12 is not a valid CRAB project directory.
INFO 2026-07-29 15:04:00.945 UTC: 	 Log file is /afs/cern.ch/user/f/ffiore/work/produzione/crab_MC_private/CMSSW_13_0_14/src/crab.log
DEBUG 2026-07-29 15:04:04.355 UTC: 	 CRAB Client version: v3.260630
DEBUG 2026-07-29 15:04:04.355 UTC: 	 Running on: Linux lxplus804.cern.ch 4.18.0-553.144.1.el8_10.x86_64 #1 SMP Mon Jul 13 11:33:25 EDT 2026 x86_64 x86_64 x86_64 GNU/Linux
DEBUG 2026-07-29 15:04:04.355 UTC: 	 Not using Singularity
DEBUG 2026-07-29 15:04:04.355 UTC: 	 Operating System: Red Hat Enterprise Linux 8.10 (Ootpa)
DEBUG 2026-07-29 15:04:04.355 UTC: 	 Executing command: 'status'
DEBUG 2026-07-29 15:04:04.355 UTC: 	 Found CRAB cache file /afs/cern.ch/user/f/ffiore/.crab3
ERROR 2026-07-29 15:04:04.355 UTC: 	 Error: VBS_semilep_ZZ_EWK_2023LHEGS_v12/crab_VBS_semilep_ZZ_EWK_2023LHEGS_v12 is not a valid CRAB project directory.
ERROR 2026-07-29 15:04:04.356 UTC: 	 Caught ClientException exception
Traceback (most recent call last):
  File "/cvmfs/cms.cern.ch/share/cms/crab-prod/v3.260630.00/bin/crab.py", line 157, in <module>
    client()
  File "/cvmfs/cms.cern.ch/share/cms/crab-prod/v3.260630.00/bin/crab.py", line 135, in __call__
    self.cmd = sub_cmd(self.logger, args[1:])  # the crab command to be executed
  File "/cvmfs/cms.cern.ch/share/cms/crab-prod/v3.260630.00/lib/CRABClient/Commands/status.py", line 50, in __init__
    SubCommand.__init__(self, logger, cmdargs)
  File "/cvmfs/cms.cern.ch/share/cms/crab-prod/v3.260630.00/lib/CRABClient/Commands/SubCommand.py", line 281, in __init__
    SubCommand.validateOptions(self)
  File "/cvmfs/cms.cern.ch/share/cms/crab-prod/v3.260630.00/lib/CRABClient/Commands/SubCommand.py", line 691, in validateOptions
    raise ConfigurationException(msg)
CRABClient.ClientExceptions.ConfigurationException: Error: VBS_semilep_ZZ_EWK_2023LHEGS_v12/crab_VBS_semilep_ZZ_EWK_2023LHEGS_v12 is not a valid CRAB project directory.
INFO 2026-07-29 15:04:04.357 UTC: 	 Log file is /afs/cern.ch/user/f/ffiore/work/produzione/crab_MC_private/CMSSW_13_0_14/src/crab.log
DEBUG 2026-07-29 15:04:07.813 UTC: 	 CRAB Client version: v3.260630
DEBUG 2026-07-29 15:04:07.813 UTC: 	 Running on: Linux lxplus804.cern.ch 4.18.0-553.144.1.el8_10.x86_64 #1 SMP Mon Jul 13 11:33:25 EDT 2026 x86_64 x86_64 x86_64 GNU/Linux
DEBUG 2026-07-29 15:04:07.813 UTC: 	 Not using Singularity
DEBUG 2026-07-29 15:04:07.813 UTC: 	 Operating System: Red Hat Enterprise Linux 8.10 (Ootpa)
DEBUG 2026-07-29 15:04:07.813 UTC: 	 Executing command: 'status'
DEBUG 2026-07-29 15:04:07.813 UTC: 	 Found CRAB cache file /afs/cern.ch/user/f/ffiore/.crab3
ERROR 2026-07-29 15:04:07.813 UTC: 	 Error: VBS_semilep_ZZ_EWK_2023LHEGS_v12/crab_VBS_semilep_ZZ_EWK_2023LHEGS_v12 is not a valid CRAB project directory.
ERROR 2026-07-29 15:04:07.814 UTC: 	 Caught ClientException exception
Traceback (most recent call last):
  File "/cvmfs/cms.cern.ch/share/cms/crab-prod/v3.260630.00/bin/crab.py", line 157, in <module>
    client()
  File "/cvmfs/cms.cern.ch/share/cms/crab-prod/v3.260630.00/bin/crab.py", line 135, in __call__
    self.cmd = sub_cmd(self.logger, args[1:])  # the crab command to be executed
  File "/cvmfs/cms.cern.ch/share/cms/crab-prod/v3.260630.00/lib/CRABClient/Commands/status.py", line 50, in __init__
    SubCommand.__init__(self, logger, cmdargs)
  File "/cvmfs/cms.cern.ch/share/cms/crab-prod/v3.260630.00/lib/CRABClient/Commands/SubCommand.py", line 281, in __init__
    SubCommand.validateOptions(self)
  File "/cvmfs/cms.cern.ch/share/cms/crab-prod/v3.260630.00/lib/CRABClient/Commands/SubCommand.py", line 691, in validateOptions
    raise ConfigurationException(msg)
CRABClient.ClientExceptions.ConfigurationException: Error: VBS_semilep_ZZ_EWK_2023LHEGS_v12/crab_VBS_semilep_ZZ_EWK_2023LHEGS_v12 is not a valid CRAB project directory.
INFO 2026-07-29 15:04:07.815 UTC: 	 Log file is /afs/cern.ch/user/f/ffiore/work/produzione/crab_MC_private/CMSSW_13_0_14/src/crab.log
DEBUG 2026-07-29 15:04:11.306 UTC: 	 CRAB Client version: v3.260630
DEBUG 2026-07-29 15:04:11.307 UTC: 	 Running on: Linux lxplus804.cern.ch 4.18.0-553.144.1.el8_10.x86_64 #1 SMP Mon Jul 13 11:33:25 EDT 2026 x86_64 x86_64 x86_64 GNU/Linux
DEBUG 2026-07-29 15:04:11.307 UTC: 	 Not using Singularity
DEBUG 2026-07-29 15:04:11.307 UTC: 	 Operating System: Red Hat Enterprise Linux 8.10 (Ootpa)
DEBUG 2026-07-29 15:04:11.307 UTC: 	 Executing command: 'status'
DEBUG 2026-07-29 15:04:11.307 UTC: 	 Found CRAB cache file /afs/cern.ch/user/f/ffiore/.crab3
ERROR 2026-07-29 15:04:11.307 UTC: 	 Error: VBS_semilep_ZZ_EWK_2023LHEGS_v12/crab_VBS_semilep_ZZ_EWK_2023LHEGS_v12 is not a valid CRAB project directory.
ERROR 2026-07-29 15:04:11.307 UTC: 	 Caught ClientException exception
Traceback (most recent call last):
  File "/cvmfs/cms.cern.ch/share/cms/crab-prod/v3.260630.00/bin/crab.py", line 157, in <module>
    client()
  File "/cvmfs/cms.cern.ch/share/cms/crab-prod/v3.260630.00/bin/crab.py", line 135, in __call__
    self.cmd = sub_cmd(self.logger, args[1:])  # the crab command to be executed
  File "/cvmfs/cms.cern.ch/share/cms/crab-prod/v3.260630.00/lib/CRABClient/Commands/status.py", line 50, in __init__
    SubCommand.__init__(self, logger, cmdargs)
  File "/cvmfs/cms.cern.ch/share/cms/crab-prod/v3.260630.00/lib/CRABClient/Commands/SubCommand.py", line 281, in __init__
    SubCommand.validateOptions(self)
  File "/cvmfs/cms.cern.ch/share/cms/crab-prod/v3.260630.00/lib/CRABClient/Commands/SubCommand.py", line 691, in validateOptions
    raise ConfigurationException(msg)
CRABClient.ClientExceptions.ConfigurationException: Error: VBS_semilep_ZZ_EWK_2023LHEGS_v12/crab_VBS_semilep_ZZ_EWK_2023LHEGS_v12 is not a valid CRAB project directory.
INFO 2026-07-29 15:04:11.309 UTC: 	 Log file is /afs/cern.ch/user/f/ffiore/work/produzione/crab_MC_private/CMSSW_13_0_14/src/crab.log
